// Jest Snapshot v1, https://goo.gl/fbAQLP

exports[`toc 1`] = `
"# library1 API References

## Table Of Contents

- [TypeAlias](#typealias)
  - [A](#a)
  - [B](#b)
  - [DumbType](#dumbtype)
  - [FallbackLocale](#fallbacklocale)
  - [Locale](#locale)
  - [LocaleMessage](#localemessage)
- [Function](#function)
  - [add](#add)
  - [undumbify](#undumbify)
- [Interface](#interface)
  - [AddCallable](#addcallable)
  - [Calculatable](#calculatable)
  - [MyOptions](#myoptions)
- [Class](#class)
  - [Calculator](#calculator)
- [Variable](#variable)
  - [Config](#config)
  - [VERSION](#version)
- [Enum](#enum)
  - [ErrorCodes](#errorcodes)
  - [TokenChars](#tokenchars)

## TypeAlias

### A

A

**Signature:**
\`\`\`typescript
export declare type A = string;
\`\`\`

### B

[A](#a)

**Signature:**
\`\`\`typescript
export declare type B = number;
\`\`\`

### DumbType

A dumb type

**Signature:**
\`\`\`typescript
export declare type DumbType<T> = {
    foo: T;
};
\`\`\`

### FallbackLocale

Falback Locale

**Signature:**
\`\`\`typescript
export declare type FallbackLocale = Locale | Locale[] | {
    [locale in string]: Locale[];
} | false;
\`\`\`

#### Remarks

This is remarks of \`Fallback Locale\`

### Locale

Locale

**Signature:**
\`\`\`typescript
export declare type Locale = string;
\`\`\`

### LocaleMessage

Locale Message resources

**Signature:**
\`\`\`typescript
export declare type LocaleMessage = string | LocaleMessage[];
\`\`\`


## Function

### add

add function : \`x\`

**Signature:**
\`\`\`typescript
export declare function add(a: number, b: number): number;
\`\`\`

#### Parameters

| Parameter | Type | Description |
| --- | --- | --- |
| a | number | target \`1\` |
| b | number | target 2 |

#### Returns

 result as \`a\` + \`b\`

#### Throws

- \`SyntaxError\` this is syntax error
- \`Error\` this is general error

#### Remarks

This is add function remarks: [ErrorCodes](#errorcodes).

See [add](https://foo.bar.com/api/add).

#### Examples

example of \`add\` function:
\`\`\`javascript
console.log(add(1, 1))
\`\`\`


### undumbify

un dummy

**Signature:**
\`\`\`typescript
export declare function undumbify<T>(dummy: DumbType<T>): T;
\`\`\`

#### Parameters

| Parameter | Type | Description |
| --- | --- | --- |
| dummy | DumbType&lt;T&gt; | A dummy |


## Interface

### AddCallable

Add Callable interface

**Signature:**
\`\`\`typescript
export interface AddCallable 
\`\`\`


#### Functions

##### <A extends number = number, B extends number = number>(a: A, b: B): number;

add callable object

**Signature:**
\`\`\`typescript
<A extends number = number, B extends number = number>(a: A, b: B): number;
\`\`\`

*Parameters*

| Parameter | Type | Description |
| --- | --- | --- |
| a | A | target 1 |
| b | B | target 2 |

#### Returns

 added value

##### <A extends number = number, B extends number = number>(a: A, b: B): string;

add callable object

**Signature:**
\`\`\`typescript
<A extends number = number, B extends number = number>(a: A, b: B): string;
\`\`\`

*Parameters*

| Parameter | Type | Description |
| --- | --- | --- |
| a | A | target 1 |
| b | B | target 2 |

#### Returns

 added string value


### Calculatable

Calculatable interface

**Signature:**
\`\`\`typescript
export interface Calculatable 
\`\`\`


#### Methods

##### add

add method

**Signature:**
\`\`\`typescript
add(a: number, b: number): number;
\`\`\`

*Parameters*

| Parameter | Type | Description |
| --- | --- | --- |
| a | number | target 1 |
| b | number | target 2 |

#### Returns

 added value


#### Properties

##### PI

PI

**Signature:**
\`\`\`typescript
PI: number;
\`\`\`


### MyOptions

My Options

**Signature:**
\`\`\`typescript
export interface MyOptions 
\`\`\`


#### Properties

##### field

Field

**Signature:**
\`\`\`typescript
field?: string;
\`\`\`



## Class

### Calculator

Calculator class

**Signature:**
\`\`\`typescript
export declare class Calculator implements Calculatable 
\`\`\`

### Remarks

This is remarks of Calculator class

### Examples


\`\`\`javascript
const c = new Calculator()
const v1 = c.add(1, 1)
const v2 = c.sub(1, 1)
\`\`\`



#### Constructor

Conssutructor of usage

**Signature:**
\`\`\`typescript
constructor(type: string);
\`\`\`

*Parameters*

| Parameter | Type | Description |
| --- | --- | --- |
| type | string | calculator type |


#### Methods

##### add

add method

**Signature:**
\`\`\`typescript
add(a: number, b: number): number;
\`\`\`

*Parameters*

| Parameter | Type | Description |
| --- | --- | --- |
| a | number | target 1 |
| b | number | target 2 |

##### sub

sub method

**Signature:**
\`\`\`typescript
sub(a: number, b: number): number;
\`\`\`

*Parameters*

| Parameter | Type | Description |
| --- | --- | --- |
| a | number | target 1 |
| b | number | target 2 |


#### Properties

##### PI

PI

**Signature:**
\`\`\`typescript
PI: number;
\`\`\`

##### type

calcurator types

**Signature:**
\`\`\`typescript
type: string;
\`\`\`



## Variable

### Config

Configrations

**Signature:**
\`\`\`typescript
Config: {
    [name: string]: unknown;
}
\`\`\`

### VERSION

app version

**Signature:**
\`\`\`typescript
VERSION = \\"1.0.0\\"
\`\`\`

#### Remarks

you can lookup application version that is semver format.

#### Examples


\`\`\`javascript
console.log(VERSION)
\`\`\`



## Enum

### ErrorCodes

Error Code

**Signature:**
\`\`\`typescript
export declare enum ErrorCodes 
\`\`\`

#### Members

| Member | Value| Description |
| --- | --- | --- |
| InvalidFormat | 1 | Invalid format |
| Succcess | 0 | Success |

### TokenChars

Token Characters

**Signature:**
\`\`\`typescript
export declare enum TokenChars 
\`\`\`

#### Members

| Member | Value| Description |
| --- | --- | --- |
| Modulo | \\"%\\" | Modulo charactor |
| Plus | \\"+\\" | Plus charactor |

#### Remarks

This is remarks of Token Chararaceters


"
`;
